{"date": ["2021-05-11", "2021-05-12", "2021-05-13", "2021-05-14", "2021-05-15"], "will_flood": [0, 0, 0, 0, 0], "narrative": ["", "", "", "", ""]}